// Vitest Snapshot v1, https://vitest.dev/guide/snapshot.html

exports[`account board > renders account board 1`] = `
<div>
  <div
    class="flex grow"
  >
    <div
      class="bg-red-500 rounded-l-md basis-20 sm:basis-52 shrink-0 grow-0"
    >
      <p
        class="text-grey-100 text-sm sm:text-base p-2 sm:p-4 font-semibold"
      >
        Account
      </p>
      <ul
        aria-label="account-settings-list"
        class="text-grey-100 text-xs sm:text-sm"
        role="tablist"
      >
        <a
          href="/"
        >
          <li
            aria-label="profile"
            aria-selected="false"
            class="hover:bg-red-300 hover:bg-opacity-50 flex gap-4 items-center p-2 sm:p-4 "
            role="tab"
            tabindex="-1"
          >
            <svg
              class="hidden sm:block"
              role="presentation"
              style="width: 1.5rem; height: 1.5rem;"
              viewBox="0 0 24 24"
            >
              <path
                d="M11 9C11 10.66 9.66 12 8 12C6.34 12 5 10.66 5 9C5 7.34 6.34 6 8 6C9.66 6 11 7.34 11 9M14 20H2V18C2 15.79 4.69 14 8 14C11.31 14 14 15.79 14 18M22 12V14H13V12M22 8V10H13V8M22 4V6H13V4Z"
                style="fill: currentColor;"
              />
            </svg>
            <span>
              My Profile
            </span>
          </li>
        </a>
        <a
          href="/security"
        >
          <li
            aria-label="security"
            aria-selected="false"
            class="hover:bg-red-300 hover:bg-opacity-50 flex gap-4 items-center p-2 sm:p-4 "
            role="tab"
            tabindex="-1"
          >
            <svg
              class="hidden sm:block"
              role="presentation"
              style="width: 1.5rem; height: 1.5rem;"
              viewBox="0 0 24 24"
            >
              <path
                d="M12,12H19C18.47,16.11 15.72,19.78 12,20.92V12H5V6.3L12,3.19M12,1L3,5V11C3,16.55 6.84,21.73 12,23C17.16,21.73 21,16.55 21,11V5L12,1Z"
                style="fill: currentColor;"
              />
            </svg>
            <span>
              Security
            </span>
          </li>
        </a>
        <a
          href="/friends"
        >
          <li
            aria-label="friends"
            aria-selected="false"
            class="hover:bg-red-300 hover:bg-opacity-50 flex gap-4 items-center p-2 sm:p-4 "
            role="tab"
            tabindex="-1"
          >
            <svg
              class="hidden sm:block"
              role="presentation"
              style="width: 1.5rem; height: 1.5rem;"
              viewBox="0 0 24 24"
            >
              <path
                d="M12,5A3.5,3.5 0 0,0 8.5,8.5A3.5,3.5 0 0,0 12,12A3.5,3.5 0 0,0 15.5,8.5A3.5,3.5 0 0,0 12,5M12,7A1.5,1.5 0 0,1 13.5,8.5A1.5,1.5 0 0,1 12,10A1.5,1.5 0 0,1 10.5,8.5A1.5,1.5 0 0,1 12,7M5.5,8A2.5,2.5 0 0,0 3,10.5C3,11.44 3.53,12.25 4.29,12.68C4.65,12.88 5.06,13 5.5,13C5.94,13 6.35,12.88 6.71,12.68C7.08,12.47 7.39,12.17 7.62,11.81C6.89,10.86 6.5,9.7 6.5,8.5C6.5,8.41 6.5,8.31 6.5,8.22C6.2,8.08 5.86,8 5.5,8M18.5,8C18.14,8 17.8,8.08 17.5,8.22C17.5,8.31 17.5,8.41 17.5,8.5C17.5,9.7 17.11,10.86 16.38,11.81C16.5,12 16.63,12.15 16.78,12.3C16.94,12.45 17.1,12.58 17.29,12.68C17.65,12.88 18.06,13 18.5,13C18.94,13 19.35,12.88 19.71,12.68C20.47,12.25 21,11.44 21,10.5A2.5,2.5 0 0,0 18.5,8M12,14C9.66,14 5,15.17 5,17.5V19H19V17.5C19,15.17 14.34,14 12,14M4.71,14.55C2.78,14.78 0,15.76 0,17.5V19H3V17.07C3,16.06 3.69,15.22 4.71,14.55M19.29,14.55C20.31,15.22 21,16.06 21,17.07V19H24V17.5C24,15.76 21.22,14.78 19.29,14.55M12,16C13.53,16 15.24,16.5 16.23,17H7.77C8.76,16.5 10.47,16 12,16Z"
                style="fill: currentColor;"
              />
            </svg>
            <span>
              Friends
            </span>
          </li>
        </a>
        <a
          href="/notifications"
        >
          <li
            aria-label="notifications"
            aria-selected="false"
            class="hover:bg-red-300 hover:bg-opacity-50 flex gap-4 items-center p-2 sm:p-4 "
            role="tab"
            tabindex="-1"
          >
            <svg
              class="hidden sm:block"
              role="presentation"
              style="width: 1.5rem; height: 1.5rem;"
              viewBox="0 0 24 24"
            >
              <path
                d="M10 21H14C14 22.1 13.1 23 12 23S10 22.1 10 21M21 19V20H3V19L5 17V11C5 7.9 7 5.2 10 4.3V4C10 2.9 10.9 2 12 2S14 2.9 14 4V4.3C17 5.2 19 7.9 19 11V17L21 19M17 11C17 8.2 14.8 6 12 6S7 8.2 7 11V18H17V11Z"
                style="fill: currentColor;"
              />
            </svg>
            <span>
              Notifications
            </span>
          </li>
        </a>
      </ul>
      <div
        class="h-0.5 bg-red-300 w-4/5 mx-auto mt-8"
      />
      <div
        class="flex gap-4 items-center p-2 mt-2 sm:p-4 text-grey-100 cursor-pointer"
      >
        <svg
          class="hidden sm:block"
          role="presentation"
          style="width: 1.5rem; height: 1.5rem;"
          viewBox="0 0 24 24"
        >
          <path
            d="M16,17V14H9V10H16V7L21,12L16,17M14,2A2,2 0 0,1 16,4V6H14V4H5V20H14V18H16V20A2,2 0 0,1 14,22H5A2,2 0 0,1 3,20V4A2,2 0 0,1 5,2H14Z"
            style="fill: currentColor;"
          />
        </svg>
        <p
          class="text-xs sm:text-sm"
        >
          Sign Out
        </p>
      </div>
    </div>
    <div
      class="bg-grey-100 rounded-r-md p-4 grow sm:py-12 sm:px-20"
    />
  </div>
  <hr
    class="h-0.5 text-grey-200 my-6 w-full mx-auto"
  />
  <footer
    class="text-grey-500 text-sm mt-auto"
  >
    Â©2023 zhna123. All rights reserved.
  </footer>
</div>
`;
